Archive member included to satisfy reference by file (symbol)

d:/stm32cubeide_1.7.0/stm32cubeide/plugins/com.st.stm32cube.ide.mcu.externaltools.gnu-tools-for-stm32.9-2020-q2-update.win32_2.0.0.202105311346/tools/bin/../lib/gcc/arm-none-eabi/9.3.1/../../../../arm-none-eabi/lib/thumb/v7-m/nofp\libc_nano.a(lib_a-errno.o)
                              ./Core/Src/syscalls.o (__errno)
d:/stm32cubeide_1.7.0/stm32cubeide/plugins/com.st.stm32cube.ide.mcu.externaltools.gnu-tools-for-stm32.9-2020-q2-update.win32_2.0.0.202105311346/tools/bin/../lib/gcc/arm-none-eabi/9.3.1/../../../../arm-none-eabi/lib/thumb/v7-m/nofp\libc_nano.a(lib_a-exit.o)
                              d:/stm32cubeide_1.7.0/stm32cubeide/plugins/com.st.stm32cube.ide.mcu.externaltools.gnu-tools-for-stm32.9-2020-q2-update.win32_2.0.0.202105311346/tools/bin/../lib/gcc/arm-none-eabi/9.3.1/../../../../arm-none-eabi/lib/thumb/v7-m/nofp/crt0.o (exit)
d:/stm32cubeide_1.7.0/stm32cubeide/plugins/com.st.stm32cube.ide.mcu.externaltools.gnu-tools-for-stm32.9-2020-q2-update.win32_2.0.0.202105311346/tools/bin/../lib/gcc/arm-none-eabi/9.3.1/../../../../arm-none-eabi/lib/thumb/v7-m/nofp\libc_nano.a(lib_a-impure.o)
                              d:/stm32cubeide_1.7.0/stm32cubeide/plugins/com.st.stm32cube.ide.mcu.externaltools.gnu-tools-for-stm32.9-2020-q2-update.win32_2.0.0.202105311346/tools/bin/../lib/gcc/arm-none-eabi/9.3.1/../../../../arm-none-eabi/lib/thumb/v7-m/nofp\libc_nano.a(lib_a-exit.o) (_global_impure_ptr)
d:/stm32cubeide_1.7.0/stm32cubeide/plugins/com.st.stm32cube.ide.mcu.externaltools.gnu-tools-for-stm32.9-2020-q2-update.win32_2.0.0.202105311346/tools/bin/../lib/gcc/arm-none-eabi/9.3.1/../../../../arm-none-eabi/lib/thumb/v7-m/nofp\libc_nano.a(lib_a-init.o)
                              d:/stm32cubeide_1.7.0/stm32cubeide/plugins/com.st.stm32cube.ide.mcu.externaltools.gnu-tools-for-stm32.9-2020-q2-update.win32_2.0.0.202105311346/tools/bin/../lib/gcc/arm-none-eabi/9.3.1/../../../../arm-none-eabi/lib/thumb/v7-m/nofp/crt0.o (__libc_init_array)
d:/stm32cubeide_1.7.0/stm32cubeide/plugins/com.st.stm32cube.ide.mcu.externaltools.gnu-tools-for-stm32.9-2020-q2-update.win32_2.0.0.202105311346/tools/bin/../lib/gcc/arm-none-eabi/9.3.1/../../../../arm-none-eabi/lib/thumb/v7-m/nofp\libc_nano.a(lib_a-memset.o)
                              d:/stm32cubeide_1.7.0/stm32cubeide/plugins/com.st.stm32cube.ide.mcu.externaltools.gnu-tools-for-stm32.9-2020-q2-update.win32_2.0.0.202105311346/tools/bin/../lib/gcc/arm-none-eabi/9.3.1/../../../../arm-none-eabi/lib/thumb/v7-m/nofp/crt0.o (memset)

Allocating common symbols
Common symbol       size              file

MODE                0x1               ./Core/Src/global.o
LED_STATE           0x1               ./Core/Src/global.o
uwTick              0x4               ./Drivers/STM32F1xx_HAL_Driver/Src/stm32f1xx_hal.o
pFlash              0x20              ./Drivers/STM32F1xx_HAL_Driver/Src/stm32f1xx_hal_flash.o
htim2               0x48              ./Core/Src/main.o

Discarded input sections

 .text          0x0000000000000000        0x0 d:/stm32cubeide_1.7.0/stm32cubeide/plugins/com.st.stm32cube.ide.mcu.externaltools.gnu-tools-for-stm32.9-2020-q2-update.win32_2.0.0.202105311346/tools/bin/../lib/gcc/arm-none-eabi/9.3.1/thumb/v7-m/nofp/crti.o
 .data          0x0000000000000000        0x0 d:/stm32cubeide_1.7.0/stm32cubeide/plugins/com.st.stm32cube.ide.mcu.externaltools.gnu-tools-for-stm32.9-2020-q2-update.win32_2.0.0.202105311346/tools/bin/../lib/gcc/arm-none-eabi/9.3.1/thumb/v7-m/nofp/crti.o
 .bss           0x0000000000000000        0x0 d:/stm32cubeide_1.7.0/stm32cubeide/plugins/com.st.stm32cube.ide.mcu.externaltools.gnu-tools-for-stm32.9-2020-q2-update.win32_2.0.0.202105311346/tools/bin/../lib/gcc/arm-none-eabi/9.3.1/thumb/v7-m/nofp/crti.o
 .data          0x0000000000000000        0x4 d:/stm32cubeide_1.7.0/stm32cubeide/plugins/com.st.stm32cube.ide.mcu.externaltools.gnu-tools-for-stm32.9-2020-q2-update.win32_2.0.0.202105311346/tools/bin/../lib/gcc/arm-none-eabi/9.3.1/thumb/v7-m/nofp/crtbegin.o
 .text          0x0000000000000000       0x7c d:/stm32cubeide_1.7.0/stm32cubeide/plugins/com.st.stm32cube.ide.mcu.externaltools.gnu-tools-for-stm32.9-2020-q2-update.win32_2.0.0.202105311346/tools/bin/../lib/gcc/arm-none-eabi/9.3.1/../../../../arm-none-eabi/lib/thumb/v7-m/nofp/crt0.o
 .data          0x0000000000000000        0x0 d:/stm32cubeide_1.7.0/stm32cubeide/plugins/com.st.stm32cube.ide.mcu.externaltools.gnu-tools-for-stm32.9-2020-q2-update.win32_2.0.0.202105311346/tools/bin/../lib/gcc/arm-none-eabi/9.3.1/../../../../arm-none-eabi/lib/thumb/v7-m/nofp/crt0.o
 .bss           0x0000000000000000        0x0 d:/stm32cubeide_1.7.0/stm32cubeide/plugins/com.st.stm32cube.ide.mcu.externaltools.gnu-tools-for-stm32.9-2020-q2-update.win32_2.0.0.202105311346/tools/bin/../lib/gcc/arm-none-eabi/9.3.1/../../../../arm-none-eabi/lib/thumb/v7-m/nofp/crt0.o
[...]
Memory Configuration

Name             Origin             Length             Attributes
RAM              0x0000000020000000 0x0000000000002800 xrw
FLASH            0x0000000008000000 0x0000000000008000 xr
*default*        0x0000000000000000 0xffffffffffffffff

Linker script and memory map

LOAD d:/stm32cubeide_1.7.0/stm32cubeide/plugins/com.st.stm32cube.ide.mcu.externaltools.gnu-tools-for-stm32.9-2020-q2-update.win32_2.0.0.202105311346/tools/bin/../lib/gcc/arm-none-eabi/9.3.1/thumb/v7-m/nofp/crti.o
LOAD d:/stm32cubeide_1.7.0/stm32cubeide/plugins/com.st.stm32cube.ide.mcu.externaltools.gnu-tools-for-stm32.9-2020-q2-update.win32_2.0.0.202105311346/tools/bin/../lib/gcc/arm-none-eabi/9.3.1/thumb/v7-m/nofp/crtbegin.o
LOAD d:/stm32cubeide_1.7.0/stm32cubeide/plugins/com.st.stm32cube.ide.mcu.externaltools.gnu-tools-for-stm32.9-2020-q2-update.win32_2.0.0.202105311346/tools/bin/../lib/gcc/arm-none-eabi/9.3.1/../../../../arm-none-eabi/lib/thumb/v7-m/nofp/crt0.o
LOAD ./Core/Src/button.o
LOAD ./Core/Src/display_led.o
LOAD ./Core/Src/fsm_10s_over.o
LOAD ./Core/Src/fsm_blink_led.o
LOAD ./Core/Src/fsm_simple_buttons.o
LOAD ./Core/Src/global.o
LOAD ./Core/Src/main.o
LOAD ./Core/Src/software_timer.o
LOAD ./Core/Src/stm32f1xx_hal_msp.o
LOAD ./Core/Src/stm32f1xx_it.o
LOAD ./Core/Src/syscalls.o
LOAD ./Core/Src/sysmem.o
LOAD ./Core/Src/system_stm32f1xx.o
LOAD ./Core/Startup/startup_stm32f103c6ux.o
LOAD ./Drivers/STM32F1xx_HAL_Driver/Src/stm32f1xx_hal.o
LOAD ./Drivers/STM32F1xx_HAL_Driver/Src/stm32f1xx_hal_cortex.o
LOAD ./Drivers/STM32F1xx_HAL_Driver/Src/stm32f1xx_hal_dma.o
LOAD ./Drivers/STM32F1xx_HAL_Driver/Src/stm32f1xx_hal_exti.o
LOAD ./Drivers/STM32F1xx_HAL_Driver/Src/stm32f1xx_hal_flash.o
LOAD ./Drivers/STM32F1xx_HAL_Driver/Src/stm32f1xx_hal_flash_ex.o
LOAD ./Drivers/STM32F1xx_HAL_Driver/Src/stm32f1xx_hal_gpio.o
LOAD ./Drivers/STM32F1xx_HAL_Driver/Src/stm32f1xx_hal_gpio_ex.o
LOAD ./Drivers/STM32F1xx_HAL_Driver/Src/stm32f1xx_hal_pwr.o
LOAD ./Drivers/STM32F1xx_HAL_Driver/Src/stm32f1xx_hal_rcc.o
LOAD ./Drivers/STM32F1xx_HAL_Driver/Src/stm32f1xx_hal_rcc_ex.o
LOAD ./Drivers/STM32F1xx_HAL_Driver/Src/stm32f1xx_hal_tim.o
LOAD ./Drivers/STM32F1xx_HAL_Driver/Src/stm32f1xx_hal_tim_ex.o
START GROUP
LOAD d:/stm32cubeide_1.7.0/stm32cubeide/plugins/com.st.stm32cube.ide.mcu.externaltools.gnu-tools-for-stm32.9-2020-q2-update.win32_2.0.0.202105311346/tools/bin/../lib/gcc/arm-none-eabi/9.3.1/../../../../arm-none-eabi/lib/thumb/v7-m/nofp\libc_nano.a
LOAD d:/stm32cubeide_1.7.0/stm32cubeide/plugins/com.st.stm32cube.ide.mcu.externaltools.gnu-tools-for-stm32.9-2020-q2-update.win32_2.0.0.202105311346/tools/bin/../lib/gcc/arm-none-eabi/9.3.1/../../../../arm-none-eabi/lib/thumb/v7-m/nofp\libm.a
END GROUP
START GROUP
LOAD d:/stm32cubeide_1.7.0/stm32cubeide/plugins/com.st.stm32cube.ide.mcu.externaltools.gnu-tools-for-stm32.9-2020-q2-update.win32_2.0.0.202105311346/tools/bin/../lib/gcc/arm-none-eabi/9.3.1/thumb/v7-m/nofp\libgcc.a
LOAD d:/stm32cubeide_1.7.0/stm32cubeide/plugins/com.st.stm32cube.ide.mcu.externaltools.gnu-tools-for-stm32.9-2020-q2-update.win32_2.0.0.202105311346/tools/bin/../lib/gcc/arm-none-eabi/9.3.1/../../../../arm-none-eabi/lib/thumb/v7-m/nofp\libc_nano.a
END GROUP
START GROUP
LOAD d:/stm32cubeide_1.7.0/stm32cubeide/plugins/com.st.stm32cube.ide.mcu.externaltools.gnu-tools-for-stm32.9-2020-q2-update.win32_2.0.0.202105311346/tools/bin/../lib/gcc/arm-none-eabi/9.3.1/thumb/v7-m/nofp\libgcc.a
LOAD d:/stm32cubeide_1.7.0/stm32cubeide/plugins/com.st.stm32cube.ide.mcu.externaltools.gnu-tools-for-stm32.9-2020-q2-update.win32_2.0.0.202105311346/tools/bin/../lib/gcc/arm-none-eabi/9.3.1/../../../../arm-none-eabi/lib/thumb/v7-m/nofp\libc_nano.a
LOAD d:/stm32cubeide_1.7.0/stm32cubeide/plugins/com.st.stm32cube.ide.mcu.externaltools.gnu-tools-for-stm32.9-2020-q2-update.win32_2.0.0.202105311346/tools/bin/../lib/gcc/arm-none-eabi/9.3.1/../../../../arm-none-eabi/lib/thumb/v7-m/nofp\libnosys.a
END GROUP
START GROUP
LOAD d:/stm32cubeide_1.7.0/stm32cubeide/plugins/com.st.stm32cube.ide.mcu.externaltools.gnu-tools-for-stm32.9-2020-q2-update.win32_2.0.0.202105311346/tools/bin/../lib/gcc/arm-none-eabi/9.3.1/thumb/v7-m/nofp\libgcc.a
LOAD d:/stm32cubeide_1.7.0/stm32cubeide/plugins/com.st.stm32cube.ide.mcu.externaltools.gnu-tools-for-stm32.9-2020-q2-update.win32_2.0.0.202105311346/tools/bin/../lib/gcc/arm-none-eabi/9.3.1/../../../../arm-none-eabi/lib/thumb/v7-m/nofp\libc_nano.a
LOAD d:/stm32cubeide_1.7.0/stm32cubeide/plugins/com.st.stm32cube.ide.mcu.externaltools.gnu-tools-for-stm32.9-2020-q2-update.win32_2.0.0.202105311346/tools/bin/../lib/gcc/arm-none-eabi/9.3.1/../../../../arm-none-eabi/lib/thumb/v7-m/nofp\libnosys.a
END GROUP
LOAD d:/stm32cubeide_1.7.0/stm32cubeide/plugins/com.st.stm32cube.ide.mcu.externaltools.gnu-tools-for-stm32.9-2020-q2-update.win32_2.0.0.202105311346/tools/bin/../lib/gcc/arm-none-eabi/9.3.1/thumb/v7-m/nofp/crtend.o
LOAD d:/stm32cubeide_1.7.0/stm32cubeide/plugins/com.st.stm32cube.ide.mcu.externaltools.gnu-tools-for-stm32.9-2020-q2-update.win32_2.0.0.202105311346/tools/bin/../lib/gcc/arm-none-eabi/9.3.1/thumb/v7-m/nofp/crtn.o
                0x0000000020002800                _estack = (ORIGIN (RAM) + LENGTH (RAM))
                0x0000000000000200                _Min_Heap_Size = 0x200
                0x0000000000000400                _Min_Stack_Size = 0x400

.isr_vector     0x0000000008000000      0x10c
                0x0000000008000000                . = ALIGN (0x4)
 *(.isr_vector)
 .isr_vector    0x0000000008000000      0x10c ./Core/Startup/startup_stm32f103c6ux.o
                0x0000000008000000                g_pfnVectors
                0x000000000800010c                . = ALIGN (0x4)

.text           0x000000000800010c     0x24e0
                0x000000000800010c                . = ALIGN (0x4)
 *(.text)
 .text          0x000000000800010c       0x40 d:/stm32cubeide_1.7.0/stm32cubeide/plugins/com.st.stm32cube.ide.mcu.externaltools.gnu-tools-for-stm32.9-2020-q2-update.win32_2.0.0.202105311346/tools/bin/../lib/gcc/arm-none-eabi/9.3.1/thumb/v7-m/nofp/crtbegin.o
 *(.text*)
 .text.isButtonPressed
                0x000000000800014c       0x34 ./Core/Src/button.o
                0x000000000800014c                isButtonPressed
 .text.isButtonLongPressed
                0x0000000008000180       0x28 ./Core/Src/button.o
                0x0000000008000180                isButtonLongPressed
 .text.resetPressingState
                0x00000000080001a8       0x20 ./Core/Src/button.o
                0x00000000080001a8                resetPressingState
 .text.subKeyProcess
                0x00000000080001c8       0x20 ./Core/Src/button.o
                0x00000000080001c8                subKeyProcess
 .text.isButtonReleased
                0x00000000080001e8       0x38 ./Core/Src/button.o
                0x00000000080001e8                isButtonReleased
 .text.getKeyInput
                0x0000000008000220      0x110 ./Core/Src/button.o
                0x0000000008000220                getKeyInput
 .text.toggleRedLED
                0x0000000008000330       0x14 ./Core/Src/display_led.o
                0x0000000008000330                toggleRedLED
 .text.displaySEG7
                0x0000000008000344      0x320 ./Core/Src/display_led.o
                0x0000000008000344                displaySEG7
 .text.fsm_10s_over_run
                0x0000000008000664       0xc8 ./Core/Src/fsm_10s_over.o
                0x0000000008000664                fsm_10s_over_run
 .text.fsm_blink_led_run
                0x000000000800072c       0x74 ./Core/Src/fsm_blink_led.o
                0x000000000800072c                fsm_blink_led_run
 .text.fsm_simple_buttons_run
                0x00000000080007a0      0x25c ./Core/Src/fsm_simple_buttons.o
                0x00000000080007a0                fsm_simple_buttons_run
 .text.setValues
                0x00000000080009fc       0x28 ./Core/Src/global.o
                0x00000000080009fc                setValues
 .text.resetCounterTo10
                0x0000000008000a24       0x18 ./Core/Src/global.o
                0x0000000008000a24                resetCounterTo10
 .text.main     0x0000000008000a3c       0x4c ./Core/Src/main.o
                0x0000000008000a3c                main
 .text.SystemClock_Config
                0x0000000008000a88       0x76 ./Core/Src/main.o
                0x0000000008000a88                SystemClock_Config
 *fill*         0x0000000008000afe        0x2 
 .text.MX_TIM2_Init
                0x0000000008000b00       0x98 ./Core/Src/main.o
 .text.MX_GPIO_Init
                0x0000000008000b98       0xc0 ./Core/Src/main.o
 .text.HAL_TIM_PeriodElapsedCallback
                0x0000000008000c58       0x18 ./Core/Src/main.o
                0x0000000008000c58                HAL_TIM_PeriodElapsedCallback
 .text.Error_Handler
                0x0000000008000c70        0xa ./Core/Src/main.o
                0x0000000008000c70                Error_Handler
 *fill*         0x0000000008000c7a        0x2 
 .text.setTimer0
                0x0000000008000c7c       0x28 ./Core/Src/software_timer.o
                0x0000000008000c7c                setTimer0
 .text.setTimer2
                0x0000000008000ca4       0x28 ./Core/Src/software_timer.o
                0x0000000008000ca4                setTimer2
 .text.setTimer3
                0x0000000008000ccc       0x28 ./Core/Src/software_timer.o
                0x0000000008000ccc                setTimer3
 .text.setTimer4
                0x0000000008000cf4       0x28 ./Core/Src/software_timer.o
                0x0000000008000cf4                setTimer4
 .text.timer_run
                0x0000000008000d1c       0xfc ./Core/Src/software_timer.o
                0x0000000008000d1c                timer_run
 .text.HAL_MspInit
                0x0000000008000e18       0x64 ./Core/Src/stm32f1xx_hal_msp.o
                0x0000000008000e18                HAL_MspInit
 .text.HAL_TIM_Base_MspInit
                0x0000000008000e7c       0x48 ./Core/Src/stm32f1xx_hal_msp.o
                0x0000000008000e7c                HAL_TIM_Base_MspInit
 .text.NMI_Handler
                0x0000000008000ec4        0x6 ./Core/Src/stm32f1xx_it.o
                0x0000000008000ec4                NMI_Handler
 .text.HardFault_Handler
                0x0000000008000eca        0x6 ./Core/Src/stm32f1xx_it.o
                0x0000000008000eca                HardFault_Handler
 .text.MemManage_Handler
                0x0000000008000ed0        0x6 ./Core/Src/stm32f1xx_it.o
                0x0000000008000ed0                MemManage_Handler
 .text.BusFault_Handler
                0x0000000008000ed6        0x6 ./Core/Src/stm32f1xx_it.o
                0x0000000008000ed6                BusFault_Handler
 .text.UsageFault_Handler
                0x0000000008000edc        0x6 ./Core/Src/stm32f1xx_it.o
                0x0000000008000edc                UsageFault_Handler
 .text.SVC_Handler
                0x0000000008000ee2        0xc ./Core/Src/stm32f1xx_it.o
                0x0000000008000ee2                SVC_Handler
 .text.DebugMon_Handler
                0x0000000008000eee        0xc ./Core/Src/stm32f1xx_it.o
                0x0000000008000eee                DebugMon_Handler
 .text.PendSV_Handler
                0x0000000008000efa        0xc ./Core/Src/stm32f1xx_it.o
                0x0000000008000efa                PendSV_Handler
 .text.SysTick_Handler
                0x0000000008000f06        0xc ./Core/Src/stm32f1xx_it.o
                0x0000000008000f06                SysTick_Handler
 *fill*         0x0000000008000f12        0x2 
 .text.TIM2_IRQHandler
                0x0000000008000f14       0x14 ./Core/Src/stm32f1xx_it.o
                0x0000000008000f14                TIM2_IRQHandler
 .text.SystemInit
                0x0000000008000f28        0xc ./Core/Src/system_stm32f1xx.o
                0x0000000008000f28                SystemInit
 .text.Reset_Handler
                0x0000000008000f34       0x48 ./Core/Startup/startup_stm32f103c6ux.o
                0x0000000008000f34                Reset_Handler
 .text.Default_Handler
                0x0000000008000f7c        0x2 ./Core/Startup/startup_stm32f103c6ux.o
                0x0000000008000f7c                RTC_Alarm_IRQHandler
                0x0000000008000f7c                EXTI2_IRQHandler
                0x0000000008000f7c                TIM1_CC_IRQHandler
                0x0000000008000f7c                PVD_IRQHandler
                0x0000000008000f7c                EXTI3_IRQHandler
                0x0000000008000f7c                EXTI0_IRQHandler
                0x0000000008000f7c                ADC1_2_IRQHandler
                0x0000000008000f7c                SPI1_IRQHandler
                0x0000000008000f7c                TAMPER_IRQHandler
                0x0000000008000f7c                DMA1_Channel4_IRQHandler
                0x0000000008000f7c                RTC_IRQHandler
                0x0000000008000f7c                DMA1_Channel7_IRQHandler
                0x0000000008000f7c                CAN1_RX1_IRQHandler
                0x0000000008000f7c                I2C1_EV_IRQHandler
                0x0000000008000f7c                DMA1_Channel6_IRQHandler
                0x0000000008000f7c                TIM3_IRQHandler
                0x0000000008000f7c                RCC_IRQHandler
                0x0000000008000f7c                TIM1_TRG_COM_IRQHandler
                0x0000000008000f7c                DMA1_Channel1_IRQHandler
                0x0000000008000f7c                Default_Handler
                0x0000000008000f7c                EXTI15_10_IRQHandler
                0x0000000008000f7c                EXTI9_5_IRQHandler
                0x0000000008000f7c                DMA1_Channel5_IRQHandler
                0x0000000008000f7c                EXTI4_IRQHandler
                0x0000000008000f7c                USB_LP_CAN1_RX0_IRQHandler
                0x0000000008000f7c                USB_HP_CAN1_TX_IRQHandler
                0x0000000008000f7c                DMA1_Channel3_IRQHandler
                0x0000000008000f7c                TIM1_UP_IRQHandler
                0x0000000008000f7c                WWDG_IRQHandler
                0x0000000008000f7c                TIM1_BRK_IRQHandler
                0x0000000008000f7c                EXTI1_IRQHandler
                0x0000000008000f7c                USART2_IRQHandler
                0x0000000008000f7c                DMA1_Channel2_IRQHandler
                0x0000000008000f7c                CAN1_SCE_IRQHandler
                0x0000000008000f7c                FLASH_IRQHandler
                0x0000000008000f7c                USART1_IRQHandler
                0x0000000008000f7c                I2C1_ER_IRQHandler
                0x0000000008000f7c                USBWakeUp_IRQHandler
 *fill*         0x0000000008000f7e        0x2 
 .text.HAL_Init
                0x0000000008000f80       0x2c ./Drivers/STM32F1xx_HAL_Driver/Src/stm32f1xx_hal.o
                0x0000000008000f80                HAL_Init
 .text.HAL_InitTick
                0x0000000008000fac       0x60 ./Drivers/STM32F1xx_HAL_Driver/Src/stm32f1xx_hal.o
                0x0000000008000fac                HAL_InitTick
 .text.HAL_IncTick
                0x000000000800100c       0x24 ./Drivers/STM32F1xx_HAL_Driver/Src/stm32f1xx_hal.o
                0x000000000800100c                HAL_IncTick
 .text.HAL_GetTick
                0x0000000008001030       0x14 ./Drivers/STM32F1xx_HAL_Driver/Src/stm32f1xx_hal.o
                0x0000000008001030                HAL_GetTick
 .text.__NVIC_SetPriorityGrouping
                0x0000000008001044       0x48 ./Drivers/STM32F1xx_HAL_Driver/Src/stm32f1xx_hal_cortex.o
 .text.__NVIC_GetPriorityGrouping
                0x000000000800108c       0x1c ./Drivers/STM32F1xx_HAL_Driver/Src/stm32f1xx_hal_cortex.o
 .text.__NVIC_EnableIRQ
                0x00000000080010a8       0x38 ./Drivers/STM32F1xx_HAL_Driver/Src/stm32f1xx_hal_cortex.o
 .text.__NVIC_SetPriority
                0x00000000080010e0       0x54 ./Drivers/STM32F1xx_HAL_Driver/Src/stm32f1xx_hal_cortex.o
 .text.NVIC_EncodePriority
                0x0000000008001134       0x64 ./Drivers/STM32F1xx_HAL_Driver/Src/stm32f1xx_hal_cortex.o
 .text.SysTick_Config
                0x0000000008001198       0x44 ./Drivers/STM32F1xx_HAL_Driver/Src/stm32f1xx_hal_cortex.o
 .text.HAL_NVIC_SetPriorityGrouping
                0x00000000080011dc       0x16 ./Drivers/STM32F1xx_HAL_Driver/Src/stm32f1xx_hal_cortex.o
                0x00000000080011dc                HAL_NVIC_SetPriorityGrouping
 .text.HAL_NVIC_SetPriority
                0x00000000080011f2       0x38 ./Drivers/STM32F1xx_HAL_Driver/Src/stm32f1xx_hal_cortex.o
                0x00000000080011f2                HAL_NVIC_SetPriority
 .text.HAL_NVIC_EnableIRQ
                0x000000000800122a       0x1c ./Drivers/STM32F1xx_HAL_Driver/Src/stm32f1xx_hal_cortex.o
                0x000000000800122a                HAL_NVIC_EnableIRQ
 .text.HAL_SYSTICK_Config
                0x0000000008001246       0x18 ./Drivers/STM32F1xx_HAL_Driver/Src/stm32f1xx_hal_cortex.o
                0x0000000008001246                HAL_SYSTICK_Config
 *fill*         0x000000000800125e        0x2 
 .text.HAL_GPIO_Init
                0x0000000008001260      0x2f4 ./Drivers/STM32F1xx_HAL_Driver/Src/stm32f1xx_hal_gpio.o
                0x0000000008001260                HAL_GPIO_Init
 .text.HAL_GPIO_ReadPin
                0x0000000008001554       0x2e ./Drivers/STM32F1xx_HAL_Driver/Src/stm32f1xx_hal_gpio.o
                0x0000000008001554                HAL_GPIO_ReadPin
 .text.HAL_GPIO_WritePin
                0x0000000008001582       0x30 ./Drivers/STM32F1xx_HAL_Driver/Src/stm32f1xx_hal_gpio.o
                0x0000000008001582                HAL_GPIO_WritePin
 .text.HAL_GPIO_TogglePin
                0x00000000080015b2       0x32 ./Drivers/STM32F1xx_HAL_Driver/Src/stm32f1xx_hal_gpio.o
                0x00000000080015b2                HAL_GPIO_TogglePin
 .text.HAL_RCC_OscConfig
                0x00000000080015e4      0x500 ./Drivers/STM32F1xx_HAL_Driver/Src/stm32f1xx_hal_rcc.o
                0x00000000080015e4                HAL_RCC_OscConfig
 .text.HAL_RCC_ClockConfig
                0x0000000008001ae4      0x1d4 ./Drivers/STM32F1xx_HAL_Driver/Src/stm32f1xx_hal_rcc.o
                0x0000000008001ae4                HAL_RCC_ClockConfig
 .text.HAL_RCC_GetSysClockFreq
                0x0000000008001cb8       0xc0 ./Drivers/STM32F1xx_HAL_Driver/Src/stm32f1xx_hal_rcc.o
                0x0000000008001cb8                HAL_RCC_GetSysClockFreq
 .text.RCC_Delay
                0x0000000008001d78       0x3c ./Drivers/STM32F1xx_HAL_Driver/Src/stm32f1xx_hal_rcc.o
 .text.HAL_TIM_Base_Init
                0x0000000008001db4       0x9e ./Drivers/STM32F1xx_HAL_Driver/Src/stm32f1xx_hal_tim.o
                0x0000000008001db4                HAL_TIM_Base_Init
 *fill*         0x0000000008001e52        0x2 
 .text.HAL_TIM_Base_Start_IT
                0x0000000008001e54       0x98 ./Drivers/STM32F1xx_HAL_Driver/Src/stm32f1xx_hal_tim.o
                0x0000000008001e54                HAL_TIM_Base_Start_IT
 .text.HAL_TIM_IRQHandler
                0x0000000008001eec      0x210 ./Drivers/STM32F1xx_HAL_Driver/Src/stm32f1xx_hal_tim.o
                0x0000000008001eec                HAL_TIM_IRQHandler
 .text.HAL_TIM_ConfigClockSource
                0x00000000080020fc      0x188 ./Drivers/STM32F1xx_HAL_Driver/Src/stm32f1xx_hal_tim.o
                0x00000000080020fc                HAL_TIM_ConfigClockSource
 .text.HAL_TIM_OC_DelayElapsedCallback
                0x0000000008002284       0x12 ./Drivers/STM32F1xx_HAL_Driver/Src/stm32f1xx_hal_tim.o
                0x0000000008002284                HAL_TIM_OC_DelayElapsedCallback
 .text.HAL_TIM_IC_CaptureCallback
                0x0000000008002296       0x12 ./Drivers/STM32F1xx_HAL_Driver/Src/stm32f1xx_hal_tim.o
                0x0000000008002296                HAL_TIM_IC_CaptureCallback
 .text.HAL_TIM_PWM_PulseFinishedCallback
                0x00000000080022a8       0x12 ./Drivers/STM32F1xx_HAL_Driver/Src/stm32f1xx_hal_tim.o
                0x00000000080022a8                HAL_TIM_PWM_PulseFinishedCallback
 .text.HAL_TIM_TriggerCallback
                0x00000000080022ba       0x12 ./Drivers/STM32F1xx_HAL_Driver/Src/stm32f1xx_hal_tim.o
                0x00000000080022ba                HAL_TIM_TriggerCallback
 .text.TIM_Base_SetConfig
                0x00000000080022cc       0xb0 ./Drivers/STM32F1xx_HAL_Driver/Src/stm32f1xx_hal_tim.o
                0x00000000080022cc                TIM_Base_SetConfig
 .text.TIM_TI1_ConfigInputStage
                0x000000000800237c       0x5c ./Drivers/STM32F1xx_HAL_Driver/Src/stm32f1xx_hal_tim.o
 .text.TIM_TI2_ConfigInputStage
                0x00000000080023d8       0x5e ./Drivers/STM32F1xx_HAL_Driver/Src/stm32f1xx_hal_tim.o
 .text.TIM_ITRx_SetConfig
                0x0000000008002436       0x34 ./Drivers/STM32F1xx_HAL_Driver/Src/stm32f1xx_hal_tim.o
 .text.TIM_ETR_SetConfig
                0x000000000800246a       0x3e ./Drivers/STM32F1xx_HAL_Driver/Src/stm32f1xx_hal_tim.o
                0x000000000800246a                TIM_ETR_SetConfig
 .text.HAL_TIMEx_MasterConfigSynchronization
                0x00000000080024a8       0xb0 ./Drivers/STM32F1xx_HAL_Driver/Src/stm32f1xx_hal_tim_ex.o
                0x00000000080024a8                HAL_TIMEx_MasterConfigSynchronization
 .text.HAL_TIMEx_CommutCallback
                0x0000000008002558       0x12 ./Drivers/STM32F1xx_HAL_Driver/Src/stm32f1xx_hal_tim_ex.o
                0x0000000008002558                HAL_TIMEx_CommutCallback
 .text.HAL_TIMEx_BreakCallback
                0x000000000800256a       0x12 ./Drivers/STM32F1xx_HAL_Driver/Src/stm32f1xx_hal_tim_ex.o
                0x000000000800256a                HAL_TIMEx_BreakCallback
 .text.__libc_init_array
                0x000000000800257c       0x48 d:/stm32cubeide_1.7.0/stm32cubeide/plugins/com.st.stm32cube.ide.mcu.externaltools.gnu-tools-for-stm32.9-2020-q2-update.win32_2.0.0.202105311346/tools/bin/../lib/gcc/arm-none-eabi/9.3.1/../../../../arm-none-eabi/lib/thumb/v7-m/nofp\libc_nano.a(lib_a-init.o)
                0x000000000800257c                __libc_init_array
 .text.memset   0x00000000080025c4       0x10 d:/stm32cubeide_1.7.0/stm32cubeide/plugins/com.st.stm32cube.ide.mcu.externaltools.gnu-tools-for-stm32.9-2020-q2-update.win32_2.0.0.202105311346/tools/bin/../lib/gcc/arm-none-eabi/9.3.1/../../../../arm-none-eabi/lib/thumb/v7-m/nofp\libc_nano.a(lib_a-memset.o)
                0x00000000080025c4                memset
 *(.glue_7)
 .glue_7        0x00000000080025d4        0x0 linker stubs
 *(.glue_7t)
 .glue_7t       0x00000000080025d4        0x0 linker stubs
 *(.eh_frame)
 .eh_frame      0x00000000080025d4        0x0 d:/stm32cubeide_1.7.0/stm32cubeide/plugins/com.st.stm32cube.ide.mcu.externaltools.gnu-tools-for-stm32.9-2020-q2-update.win32_2.0.0.202105311346/tools/bin/../lib/gcc/arm-none-eabi/9.3.1/thumb/v7-m/nofp/crtbegin.o
 *(.init)
 .init          0x00000000080025d4        0x4 d:/stm32cubeide_1.7.0/stm32cubeide/plugins/com.st.stm32cube.ide.mcu.externaltools.gnu-tools-for-stm32.9-2020-q2-update.win32_2.0.0.202105311346/tools/bin/../lib/gcc/arm-none-eabi/9.3.1/thumb/v7-m/nofp/crti.o
                0x00000000080025d4                _init
 .init          0x00000000080025d8        0x8 d:/stm32cubeide_1.7.0/stm32cubeide/plugins/com.st.stm32cube.ide.mcu.externaltools.gnu-tools-for-stm32.9-2020-q2-update.win32_2.0.0.202105311346/tools/bin/../lib/gcc/arm-none-eabi/9.3.1/thumb/v7-m/nofp/crtn.o
 *(.fini)
 .fini          0x00000000080025e0        0x4 d:/stm32cubeide_1.7.0/stm32cubeide/plugins/com.st.stm32cube.ide.mcu.externaltools.gnu-tools-for-stm32.9-2020-q2-update.win32_2.0.0.202105311346/tools/bin/../lib/gcc/arm-none-eabi/9.3.1/thumb/v7-m/nofp/crti.o
                0x00000000080025e0                _fini
 .fini          0x00000000080025e4        0x8 d:/stm32cubeide_1.7.0/stm32cubeide/plugins/com.st.stm32cube.ide.mcu.externaltools.gnu-tools-for-stm32.9-2020-q2-update.win32_2.0.0.202105311346/tools/bin/../lib/gcc/arm-none-eabi/9.3.1/thumb/v7-m/nofp/crtn.o
                0x00000000080025ec                . = ALIGN (0x4)
                0x00000000080025ec                _etext = .

.vfp11_veneer   0x00000000080025ec        0x0
 .vfp11_veneer  0x00000000080025ec        0x0 linker stubs

.v4_bx          0x00000000080025ec        0x0
 .v4_bx         0x00000000080025ec        0x0 linker stubs

.iplt           0x00000000080025ec        0x0
 .iplt          0x00000000080025ec        0x0 d:/stm32cubeide_1.7.0/stm32cubeide/plugins/com.st.stm32cube.ide.mcu.externaltools.gnu-tools-for-stm32.9-2020-q2-update.win32_2.0.0.202105311346/tools/bin/../lib/gcc/arm-none-eabi/9.3.1/thumb/v7-m/nofp/crtbegin.o

.rodata         0x00000000080025ec       0x20
                0x00000000080025ec                . = ALIGN (0x4)
 *(.rodata)
 .rodata        0x00000000080025ec       0x10 ./Drivers/STM32F1xx_HAL_Driver/Src/stm32f1xx_hal_rcc.o
 *(.rodata*)
 .rodata.AHBPrescTable
                0x00000000080025fc       0x10 ./Core/Src/system_stm32f1xx.o
                0x00000000080025fc                AHBPrescTable
                0x000000000800260c                . = ALIGN (0x4)

.rel.dyn        0x000000000800260c        0x0
 .rel.iplt      0x000000000800260c        0x0 d:/stm32cubeide_1.7.0/stm32cubeide/plugins/com.st.stm32cube.ide.mcu.externaltools.gnu-tools-for-stm32.9-2020-q2-update.win32_2.0.0.202105311346/tools/bin/../lib/gcc/arm-none-eabi/9.3.1/thumb/v7-m/nofp/crtbegin.o

.ARM.extab      0x000000000800260c        0x0
                0x000000000800260c                . = ALIGN (0x4)
 *(.ARM.extab* .gnu.linkonce.armextab.*)
                0x000000000800260c                . = ALIGN (0x4)

.ARM            0x000000000800260c        0x0
                0x000000000800260c                . = ALIGN (0x4)
                0x000000000800260c                __exidx_start = .
 *(.ARM.exidx*)
                0x000000000800260c                __exidx_end = .
                0x000000000800260c                . = ALIGN (0x4)

.preinit_array  0x000000000800260c        0x0
                0x000000000800260c                . = ALIGN (0x4)
                0x000000000800260c                PROVIDE (__preinit_array_start = .)
 *(.preinit_array*)
                0x000000000800260c                PROVIDE (__preinit_array_end = .)
                0x000000000800260c                . = ALIGN (0x4)

.init_array     0x000000000800260c        0x4
                0x000000000800260c                . = ALIGN (0x4)
                0x000000000800260c                PROVIDE (__init_array_start = .)
 *(SORT_BY_NAME(.init_array.*))
 *(.init_array*)
 .init_array    0x000000000800260c        0x4 d:/stm32cubeide_1.7.0/stm32cubeide/plugins/com.st.stm32cube.ide.mcu.externaltools.gnu-tools-for-stm32.9-2020-q2-update.win32_2.0.0.202105311346/tools/bin/../lib/gcc/arm-none-eabi/9.3.1/thumb/v7-m/nofp/crtbegin.o
                0x0000000008002610                PROVIDE (__init_array_end = .)
                0x0000000008002610                . = ALIGN (0x4)

.fini_array     0x0000000008002610        0x4
                0x0000000008002610                . = ALIGN (0x4)
                [!provide]                        PROVIDE (__fini_array_start = .)
 *(SORT_BY_NAME(.fini_array.*))
 *(.fini_array*)
 .fini_array    0x0000000008002610        0x4 d:/stm32cubeide_1.7.0/stm32cubeide/plugins/com.st.stm32cube.ide.mcu.externaltools.gnu-tools-for-stm32.9-2020-q2-update.win32_2.0.0.202105311346/tools/bin/../lib/gcc/arm-none-eabi/9.3.1/thumb/v7-m/nofp/crtbegin.o
                [!provide]                        PROVIDE (__fini_array_end = .)
                0x0000000008002614                . = ALIGN (0x4)
                0x0000000008002614                _sidata = LOADADDR (.data)

.data           0x0000000020000000       0x4c load address 0x0000000008002614
                0x0000000020000000                . = ALIGN (0x4)
                0x0000000020000000                _sdata = .
 *(.data)
 *(.data*)
 .data.buttonsArr
                0x0000000020000000        0xc ./Core/Src/button.o
                0x0000000020000000                buttonsArr
 .data.KeyReg0  0x000000002000000c        0xc ./Core/Src/button.o
                0x000000002000000c                KeyReg0
 .data.KeyReg1  0x0000000020000018        0xc ./Core/Src/button.o
                0x0000000020000018                KeyReg1
 .data.KeyReg2  0x0000000020000024        0xc ./Core/Src/button.o
                0x0000000020000024                KeyReg2
 .data.KeyReg3  0x0000000020000030        0xc ./Core/Src/button.o
                0x0000000020000030                KeyReg3
 .data.TimeOutForKeyPress
                0x000000002000003c        0x4 ./Core/Src/button.o
                0x000000002000003c                TimeOutForKeyPress
 .data.SystemCoreClock
                0x0000000020000040        0x4 ./Core/Src/system_stm32f1xx.o
                0x0000000020000040                SystemCoreClock
 .data.uwTickPrio
                0x0000000020000044        0x4 ./Drivers/STM32F1xx_HAL_Driver/Src/stm32f1xx_hal.o
                0x0000000020000044                uwTickPrio
 .data.uwTickFreq
                0x0000000020000048        0x1 ./Drivers/STM32F1xx_HAL_Driver/Src/stm32f1xx_hal.o
                0x0000000020000048                uwTickFreq
 *(.RamFunc)
 *(.RamFunc*)
                0x000000002000004c                . = ALIGN (0x4)
 *fill*         0x0000000020000049        0x3 
                0x000000002000004c                _edata = .

.igot.plt       0x000000002000004c        0x0 load address 0x0000000008002660
 .igot.plt      0x000000002000004c        0x0 d:/stm32cubeide_1.7.0/stm32cubeide/plugins/com.st.stm32cube.ide.mcu.externaltools.gnu-tools-for-stm32.9-2020-q2-update.win32_2.0.0.202105311346/tools/bin/../lib/gcc/arm-none-eabi/9.3.1/thumb/v7-m/nofp/crtbegin.o
                0x000000002000004c                . = ALIGN (0x4)

.bss            0x000000002000004c       0xb4 load address 0x0000000008002660
                0x000000002000004c                _sbss = .
                0x000000002000004c                __bss_start__ = _sbss
 *(.bss)
 .bss           0x000000002000004c       0x1c d:/stm32cubeide_1.7.0/stm32cubeide/plugins/com.st.stm32cube.ide.mcu.externaltools.gnu-tools-for-stm32.9-2020-q2-update.win32_2.0.0.202105311346/tools/bin/../lib/gcc/arm-none-eabi/9.3.1/thumb/v7-m/nofp/crtbegin.o
 *(.bss*)
 .bss.button_flag
                0x0000000020000068        0xc ./Core/Src/button.o
                0x0000000020000068                button_flag
 .bss.value     0x0000000020000074        0x4 ./Core/Src/global.o
                0x0000000020000074                value
 .bss.previousValue
                0x0000000020000078        0x4 ./Core/Src/global.o
                0x0000000020000078                previousValue
 .bss.counterTo10
                0x000000002000007c        0x4 ./Core/Src/global.o
                0x000000002000007c                counterTo10
 .bss.timer0_flag
                0x0000000020000080        0x4 ./Core/Src/software_timer.o
                0x0000000020000080                timer0_flag
 .bss.timer1_flag
                0x0000000020000084        0x4 ./Core/Src/software_timer.o
                0x0000000020000084                timer1_flag
 .bss.timer2_flag
                0x0000000020000088        0x4 ./Core/Src/software_timer.o
                0x0000000020000088                timer2_flag
 .bss.timer3_flag
                0x000000002000008c        0x4 ./Core/Src/software_timer.o
                0x000000002000008c                timer3_flag
 .bss.timer4_flag
                0x0000000020000090        0x4 ./Core/Src/software_timer.o
                0x0000000020000090                timer4_flag
 .bss.timer5_flag
                0x0000000020000094        0x4 ./Core/Src/software_timer.o
                0x0000000020000094                timer5_flag
 .bss.timer0_counter
                0x0000000020000098        0x4 ./Core/Src/software_timer.o
                0x0000000020000098                timer0_counter
 .bss.timer1_counter
                0x000000002000009c        0x4 ./Core/Src/software_timer.o
                0x000000002000009c                timer1_counter
 .bss.timer2_counter
                0x00000000200000a0        0x4 ./Core/Src/software_timer.o
                0x00000000200000a0                timer2_counter
 .bss.timer3_counter
                0x00000000200000a4        0x4 ./Core/Src/software_timer.o
                0x00000000200000a4                timer3_counter
 .bss.timer4_counter
                0x00000000200000a8        0x4 ./Core/Src/software_timer.o
                0x00000000200000a8                timer4_counter
 .bss.timer5_counter
                0x00000000200000ac        0x4 ./Core/Src/software_timer.o
                0x00000000200000ac                timer5_counter
 *(COMMON)
 COMMON         0x00000000200000b0        0x2 ./Core/Src/global.o
                0x00000000200000b0                MODE
                0x00000000200000b1                LED_STATE
 *fill*         0x00000000200000b2        0x2 
 COMMON         0x00000000200000b4       0x48 ./Core/Src/main.o
                0x00000000200000b4                htim2
 COMMON         0x00000000200000fc        0x4 ./Drivers/STM32F1xx_HAL_Driver/Src/stm32f1xx_hal.o
                0x00000000200000fc                uwTick
                0x0000000020000100                . = ALIGN (0x4)
                0x0000000020000100                _ebss = .
                0x0000000020000100                __bss_end__ = _ebss

._user_heap_stack
                0x0000000020000100      0x600 load address 0x0000000008002660
                0x0000000020000100                . = ALIGN (0x8)
                [!provide]                        PROVIDE (end = .)
                0x0000000020000100                PROVIDE (_end = .)
                0x0000000020000300                . = (. + _Min_Heap_Size)
 *fill*         0x0000000020000100      0x200 
                0x0000000020000700                . = (. + _Min_Stack_Size)
 *fill*         0x0000000020000300      0x400 
                0x0000000020000700                . = ALIGN (0x8)

/DISCARD/
 libc.a(*)
 libm.a(*)
 libgcc.a(*)

.ARM.attributes
                0x0000000000000000       0x29
 *(.ARM.attributes)
 .ARM.attributes
                0x0000000000000000       0x1d d:/stm32cubeide_1.7.0/stm32cubeide/plugins/com.st.stm32cube.ide.mcu.externaltools.gnu-tools-for-stm32.9-2020-q2-update.win32_2.0.0.202105311346/tools/bin/../lib/gcc/arm-none-eabi/9.3.1/thumb/v7-m/nofp/crti.o
 .ARM.attributes
                0x000000000000001d       0x2d d:/stm32cubeide_1.7.0/stm32cubeide/plugins/com.st.stm32cube.ide.mcu.externaltools.gnu-tools-for-stm32.9-2020-q2-update.win32_2.0.0.202105311346/tools/bin/../lib/gcc/arm-none-eabi/9.3.1/thumb/v7-m/nofp/crtbegin.o
 .ARM.attributes
                0x000000000000004a       0x2d ./Core/Src/button.o
 .ARM.attributes
                0x0000000000000077       0x2d ./Core/Src/display_led.o
 .ARM.attributes
                0x00000000000000a4       0x2d ./Core/Src/fsm_10s_over.o
 .ARM.attributes
                0x00000000000000d1       0x2d ./Core/Src/fsm_blink_led.o
 .ARM.attributes
                0x00000000000000fe       0x2d ./Core/Src/fsm_simple_buttons.o
 .ARM.attributes
                0x000000000000012b       0x2d ./Core/Src/global.o
 .ARM.attributes
                0x0000000000000158       0x2d ./Core/Src/main.o
 .ARM.attributes
                0x0000000000000185       0x2d ./Core/Src/software_timer.o
 .ARM.attributes
                0x00000000000001b2       0x2d ./Core/Src/stm32f1xx_hal_msp.o
 .ARM.attributes
                0x00000000000001df       0x2d ./Core/Src/stm32f1xx_it.o
 .ARM.attributes
                0x000000000000020c       0x2d ./Core/Src/system_stm32f1xx.o
 .ARM.attributes
                0x0000000000000239       0x21 ./Core/Startup/startup_stm32f103c6ux.o
 .ARM.attributes
                0x000000000000025a       0x2d ./Drivers/STM32F1xx_HAL_Driver/Src/stm32f1xx_hal.o
 .ARM.attributes
                0x0000000000000287       0x2d ./Drivers/STM32F1xx_HAL_Driver/Src/stm32f1xx_hal_cortex.o
 .ARM.attributes
                0x00000000000002b4       0x2d ./Drivers/STM32F1xx_HAL_Driver/Src/stm32f1xx_hal_gpio.o
 .ARM.attributes
                0x00000000000002e1       0x2d ./Drivers/STM32F1xx_HAL_Driver/Src/stm32f1xx_hal_rcc.o
 .ARM.attributes
                0x000000000000030e       0x2d ./Drivers/STM32F1xx_HAL_Driver/Src/stm32f1xx_hal_tim.o
 .ARM.attributes
                0x000000000000033b       0x2d ./Drivers/STM32F1xx_HAL_Driver/Src/stm32f1xx_hal_tim_ex.o
 .ARM.attributes
                0x0000000000000368       0x2d d:/stm32cubeide_1.7.0/stm32cubeide/plugins/com.st.stm32cube.ide.mcu.externaltools.gnu-tools-for-stm32.9-2020-q2-update.win32_2.0.0.202105311346/tools/bin/../lib/gcc/arm-none-eabi/9.3.1/../../../../arm-none-eabi/lib/thumb/v7-m/nofp\libc_nano.a(lib_a-init.o)
 .ARM.attributes
                0x0000000000000395       0x2d d:/stm32cubeide_1.7.0/stm32cubeide/plugins/com.st.stm32cube.ide.mcu.externaltools.gnu-tools-for-stm32.9-2020-q2-update.win32_2.0.0.202105311346/tools/bin/../lib/gcc/arm-none-eabi/9.3.1/../../../../arm-none-eabi/lib/thumb/v7-m/nofp\libc_nano.a(lib_a-memset.o)
 .ARM.attributes
                0x00000000000003c2       0x1d d:/stm32cubeide_1.7.0/stm32cubeide/plugins/com.st.stm32cube.ide.mcu.externaltools.gnu-tools-for-stm32.9-2020-q2-update.win32_2.0.0.202105311346/tools/bin/../lib/gcc/arm-none-eabi/9.3.1/thumb/v7-m/nofp/crtn.o
OUTPUT(STM32.elf elf32-littlearm)
LOAD linker stubs
LOAD d:/stm32cubeide_1.7.0/stm32cubeide/plugins/com.st.stm32cube.ide.mcu.externaltools.gnu-tools-for-stm32.9-2020-q2-update.win32_2.0.0.202105311346/tools/bin/../lib/gcc/arm-none-eabi/9.3.1/../../../../arm-none-eabi/lib/thumb/v7-m/nofp\libc.a
LOAD d:/stm32cubeide_1.7.0/stm32cubeide/plugins/com.st.stm32cube.ide.mcu.externaltools.gnu-tools-for-stm32.9-2020-q2-update.win32_2.0.0.202105311346/tools/bin/../lib/gcc/arm-none-eabi/9.3.1/../../../../arm-none-eabi/lib/thumb/v7-m/nofp\libm.a
LOAD d:/stm32cubeide_1.7.0/stm32cubeide/plugins/com.st.stm32cube.ide.mcu.externaltools.gnu-tools-for-stm32.9-2020-q2-update.win32_2.0.0.202105311346/tools/bin/../lib/gcc/arm-none-eabi/9.3.1/thumb/v7-m/nofp\libgcc.a

.debug_info     0x0000000000000000     0x972f
 .debug_info    0x0000000000000000      0x4d3 ./Core/Src/button.o
 .debug_info    0x00000000000004d3      0x24a ./Core/Src/display_led.o
 .debug_info    0x000000000000071d      0x2ae ./Core/Src/fsm_10s_over.o
 .debug_info    0x00000000000009cb      0x2ae ./Core/Src/fsm_blink_led.o
 .debug_info    0x0000000000000c79      0x2ae ./Core/Src/fsm_simple_buttons.o
 .debug_info    0x0000000000000f27      0x314 ./Core/Src/global.o
 .debug_info    0x000000000000123b      0xcae ./Core/Src/main.o
 .debug_info    0x0000000000001ee9      0x1fb ./Core/Src/software_timer.o
 .debug_info    0x00000000000020e4      0xa04 ./Core/Src/stm32f1xx_hal_msp.o
 .debug_info    0x0000000000002ae8      0x7b4 ./Core/Src/stm32f1xx_it.o
 .debug_info    0x000000000000329c      0x2be ./Core/Src/system_stm32f1xx.o
 .debug_info    0x000000000000355a       0x22 ./Core/Startup/startup_stm32f103c6ux.o
 .debug_info    0x000000000000357c      0x74c ./Drivers/STM32F1xx_HAL_Driver/Src/stm32f1xx_hal.o
 .debug_info    0x0000000000003cc8      0xbbe ./Drivers/STM32F1xx_HAL_Driver/Src/stm32f1xx_hal_cortex.o
 .debug_info    0x0000000000004886      0x701 ./Drivers/STM32F1xx_HAL_Driver/Src/stm32f1xx_hal_gpio.o
 .debug_info    0x0000000000004f87      0x88e ./Drivers/STM32F1xx_HAL_Driver/Src/stm32f1xx_hal_rcc.o
 .debug_info    0x0000000000005815     0x2a45 ./Drivers/STM32F1xx_HAL_Driver/Src/stm32f1xx_hal_tim.o
 .debug_info    0x000000000000825a     0x14d5 ./Drivers/STM32F1xx_HAL_Driver/Src/stm32f1xx_hal_tim_ex.o

.debug_abbrev   0x0000000000000000     0x1c17
 .debug_abbrev  0x0000000000000000      0x1c8 ./Core/Src/button.o
 .debug_abbrev  0x00000000000001c8      0x125 ./Core/Src/display_led.o
 .debug_abbrev  0x00000000000002ed       0xde ./Core/Src/fsm_10s_over.o
 .debug_abbrev  0x00000000000003cb       0xe0 ./Core/Src/fsm_blink_led.o
 .debug_abbrev  0x00000000000004ab       0xe0 ./Core/Src/fsm_simple_buttons.o
 .debug_abbrev  0x000000000000058b       0xef ./Core/Src/global.o
 .debug_abbrev  0x000000000000067a      0x25d ./Core/Src/main.o
 .debug_abbrev  0x00000000000008d7       0x94 ./Core/Src/software_timer.o
 .debug_abbrev  0x000000000000096b      0x1b7 ./Core/Src/stm32f1xx_hal_msp.o
 .debug_abbrev  0x0000000000000b22      0x176 ./Core/Src/stm32f1xx_it.o
 .debug_abbrev  0x0000000000000c98      0x14e ./Core/Src/system_stm32f1xx.o
 .debug_abbrev  0x0000000000000de6       0x12 ./Core/Startup/startup_stm32f103c6ux.o
 .debug_abbrev  0x0000000000000df8      0x1ed ./Drivers/STM32F1xx_HAL_Driver/Src/stm32f1xx_hal.o
 .debug_abbrev  0x0000000000000fe5      0x313 ./Drivers/STM32F1xx_HAL_Driver/Src/stm32f1xx_hal_cortex.o
 .debug_abbrev  0x00000000000012f8      0x1e8 ./Drivers/STM32F1xx_HAL_Driver/Src/stm32f1xx_hal_gpio.o
 .debug_abbrev  0x00000000000014e0      0x273 ./Drivers/STM32F1xx_HAL_Driver/Src/stm32f1xx_hal_rcc.o
 .debug_abbrev  0x0000000000001753      0x25e ./Drivers/STM32F1xx_HAL_Driver/Src/stm32f1xx_hal_tim.o
 .debug_abbrev  0x00000000000019b1      0x266 ./Drivers/STM32F1xx_HAL_Driver/Src/stm32f1xx_hal_tim_ex.o

.debug_aranges  0x0000000000000000      0xa78
 .debug_aranges
                0x0000000000000000       0x48 ./Core/Src/button.o
 .debug_aranges
                0x0000000000000048       0x28 ./Core/Src/display_led.o
 .debug_aranges
                0x0000000000000070       0x20 ./Core/Src/fsm_10s_over.o
 .debug_aranges
                0x0000000000000090       0x20 ./Core/Src/fsm_blink_led.o
 .debug_aranges
                0x00000000000000b0       0x20 ./Core/Src/fsm_simple_buttons.o
 .debug_aranges
                0x00000000000000d0       0x28 ./Core/Src/global.o
 .debug_aranges
                0x00000000000000f8       0x48 ./Core/Src/main.o
 .debug_aranges
                0x0000000000000140       0x50 ./Core/Src/software_timer.o
 .debug_aranges
                0x0000000000000190       0x30 ./Core/Src/stm32f1xx_hal_msp.o
 .debug_aranges
                0x00000000000001c0       0x68 ./Core/Src/stm32f1xx_it.o
 .debug_aranges
                0x0000000000000228       0x28 ./Core/Src/system_stm32f1xx.o
 .debug_aranges
                0x0000000000000250       0x28 ./Core/Startup/startup_stm32f103c6ux.o
 .debug_aranges
                0x0000000000000278       0xe0 ./Drivers/STM32F1xx_HAL_Driver/Src/stm32f1xx_hal.o
 .debug_aranges
                0x0000000000000358      0x100 ./Drivers/STM32F1xx_HAL_Driver/Src/stm32f1xx_hal_cortex.o
 .debug_aranges
                0x0000000000000458       0x58 ./Drivers/STM32F1xx_HAL_Driver/Src/stm32f1xx_hal_gpio.o
 .debug_aranges
                0x00000000000004b0       0x90 ./Drivers/STM32F1xx_HAL_Driver/Src/stm32f1xx_hal_rcc.o
 .debug_aranges
                0x0000000000000540      0x3d0 ./Drivers/STM32F1xx_HAL_Driver/Src/stm32f1xx_hal_tim.o
 .debug_aranges
                0x0000000000000910      0x168 ./Drivers/STM32F1xx_HAL_Driver/Src/stm32f1xx_hal_tim_ex.o

.debug_ranges   0x0000000000000000      0x960
 .debug_ranges  0x0000000000000000       0x38 ./Core/Src/button.o
 .debug_ranges  0x0000000000000038       0x18 ./Core/Src/display_led.o
 .debug_ranges  0x0000000000000050       0x10 ./Core/Src/fsm_10s_over.o
 .debug_ranges  0x0000000000000060       0x10 ./Core/Src/fsm_blink_led.o
 .debug_ranges  0x0000000000000070       0x10 ./Core/Src/fsm_simple_buttons.o
 .debug_ranges  0x0000000000000080       0x18 ./Core/Src/global.o
 .debug_ranges  0x0000000000000098       0x38 ./Core/Src/main.o
 .debug_ranges  0x00000000000000d0       0x40 ./Core/Src/software_timer.o
 .debug_ranges  0x0000000000000110       0x20 ./Core/Src/stm32f1xx_hal_msp.o
 .debug_ranges  0x0000000000000130       0x58 ./Core/Src/stm32f1xx_it.o
 .debug_ranges  0x0000000000000188       0x18 ./Core/Src/system_stm32f1xx.o
 .debug_ranges  0x00000000000001a0       0x20 ./Core/Startup/startup_stm32f103c6ux.o
 .debug_ranges  0x00000000000001c0       0xd0 ./Drivers/STM32F1xx_HAL_Driver/Src/stm32f1xx_hal.o
 .debug_ranges  0x0000000000000290       0xf0 ./Drivers/STM32F1xx_HAL_Driver/Src/stm32f1xx_hal_cortex.o
 .debug_ranges  0x0000000000000380       0x48 ./Drivers/STM32F1xx_HAL_Driver/Src/stm32f1xx_hal_gpio.o
 .debug_ranges  0x00000000000003c8       0x80 ./Drivers/STM32F1xx_HAL_Driver/Src/stm32f1xx_hal_rcc.o
 .debug_ranges  0x0000000000000448      0x3c0 ./Drivers/STM32F1xx_HAL_Driver/Src/stm32f1xx_hal_tim.o
 .debug_ranges  0x0000000000000808      0x158 ./Drivers/STM32F1xx_HAL_Driver/Src/stm32f1xx_hal_tim_ex.o

.debug_macro    0x0000000000000000    0x16dfb
 .debug_macro   0x0000000000000000      0x1d3 ./Core/Src/button.o
 .debug_macro   0x00000000000001d3      0xa9c ./Core/Src/button.o
 .debug_macro   0x0000000000000c6f      0x215 ./Core/Src/button.o
 .debug_macro   0x0000000000000e84       0x2e ./Core/Src/button.o
 .debug_macro   0x0000000000000eb2       0x22 ./Core/Src/button.o
 .debug_macro   0x0000000000000ed4       0x22 ./Core/Src/button.o
 .debug_macro   0x0000000000000ef6       0x8e ./Core/Src/button.o
 .debug_macro   0x0000000000000f84       0x51 ./Core/Src/button.o
 .debug_macro   0x0000000000000fd5      0x103 ./Core/Src/button.o
 .debug_macro   0x00000000000010d8       0x6a ./Core/Src/button.o
 .debug_macro   0x0000000000001142      0x1df ./Core/Src/button.o
 .debug_macro   0x0000000000001321       0x1c ./Core/Src/button.o
 .debug_macro   0x000000000000133d       0x22 ./Core/Src/button.o
 .debug_macro   0x000000000000135f       0xc3 ./Core/Src/button.o
 .debug_macro   0x0000000000001422      0xd23 ./Core/Src/button.o
 .debug_macro   0x0000000000002145     0xde75 ./Core/Src/button.o
 .debug_macro   0x000000000000ffba       0x6d ./Core/Src/button.o
 .debug_macro   0x0000000000010027     0x3468 ./Core/Src/button.o
 .debug_macro   0x000000000001348f      0x174 ./Core/Src/button.o
 .debug_macro   0x0000000000013603       0x5c ./Core/Src/button.o
 .debug_macro   0x000000000001365f      0x5be ./Core/Src/button.o
 .debug_macro   0x0000000000013c1d      0x1b7 ./Core/Src/button.o
 .debug_macro   0x0000000000013dd4      0x1cb ./Core/Src/button.o
 .debug_macro   0x0000000000013f9f      0x114 ./Core/Src/button.o
 .debug_macro   0x00000000000140b3      0x1b2 ./Core/Src/button.o
 .debug_macro   0x0000000000014265       0x27 ./Core/Src/button.o
 .debug_macro   0x000000000001428c      0x12f ./Core/Src/button.o
 .debug_macro   0x00000000000143bb      0x1bc ./Core/Src/button.o
 .debug_macro   0x0000000000014577       0x34 ./Core/Src/button.o
 .debug_macro   0x00000000000145ab       0x3c ./Core/Src/button.o
 .debug_macro   0x00000000000145e7       0x57 ./Core/Src/button.o
 .debug_macro   0x000000000001463e       0x88 ./Core/Src/button.o
 .debug_macro   0x00000000000146c6      0x183 ./Core/Src/button.o
 .debug_macro   0x0000000000014849      0x141 ./Core/Src/button.o
 .debug_macro   0x000000000001498a      0x8d1 ./Core/Src/button.o
 .debug_macro   0x000000000001525b       0x69 ./Core/Src/button.o
 .debug_macro   0x00000000000152c4       0x88 ./Core/Src/button.o
 .debug_macro   0x000000000001534c       0x16 ./Core/Src/button.o
 .debug_macro   0x0000000000015362       0x1c ./Core/Src/button.o
 .debug_macro   0x000000000001537e      0x1b1 ./Core/Src/display_led.o
 .debug_macro   0x000000000001552f      0x1d9 ./Core/Src/fsm_10s_over.o
 .debug_macro   0x0000000000015708      0x1dd ./Core/Src/fsm_blink_led.o
 .debug_macro   0x00000000000158e5       0x1c ./Core/Src/fsm_blink_led.o
 .debug_macro   0x0000000000015901      0x1e3 ./Core/Src/fsm_simple_buttons.o
 .debug_macro   0x0000000000015ae4      0x1cf ./Core/Src/global.o
 .debug_macro   0x0000000000015cb3      0x20b ./Core/Src/main.o
 .debug_macro   0x0000000000015ebe       0x1b ./Core/Src/software_timer.o
 .debug_macro   0x0000000000015ed9      0x1a7 ./Core/Src/stm32f1xx_hal_msp.o
 .debug_macro   0x0000000000016080      0x1b1 ./Core/Src/stm32f1xx_it.o
 .debug_macro   0x0000000000016231      0x198 ./Core/Src/system_stm32f1xx.o
 .debug_macro   0x00000000000163c9      0x1bc ./Drivers/STM32F1xx_HAL_Driver/Src/stm32f1xx_hal.o
 .debug_macro   0x0000000000016585      0x198 ./Drivers/STM32F1xx_HAL_Driver/Src/stm32f1xx_hal_cortex.o
 .debug_macro   0x000000000001671d      0x203 ./Drivers/STM32F1xx_HAL_Driver/Src/stm32f1xx_hal_gpio.o
 .debug_macro   0x0000000000016920      0x1aa ./Drivers/STM32F1xx_HAL_Driver/Src/stm32f1xx_hal_rcc.o
 .debug_macro   0x0000000000016aca      0x199 ./Drivers/STM32F1xx_HAL_Driver/Src/stm32f1xx_hal_tim.o
 .debug_macro   0x0000000000016c63      0x198 ./Drivers/STM32F1xx_HAL_Driver/Src/stm32f1xx_hal_tim_ex.o

.debug_line     0x0000000000000000     0xbdfa
 .debug_line    0x0000000000000000      0x786 ./Core/Src/button.o
 .debug_line    0x0000000000000786      0x6d2 ./Core/Src/display_led.o
 .debug_line    0x0000000000000e58      0x6f0 ./Core/Src/fsm_10s_over.o
 .debug_line    0x0000000000001548      0x6d6 ./Core/Src/fsm_blink_led.o
 .debug_line    0x0000000000001c1e      0x7c8 ./Core/Src/fsm_simple_buttons.o
 .debug_line    0x00000000000023e6      0x692 ./Core/Src/global.o
 .debug_line    0x0000000000002a78      0x7ff ./Core/Src/main.o
 .debug_line    0x0000000000003277      0x17a ./Core/Src/software_timer.o
 .debug_line    0x00000000000033f1      0x695 ./Core/Src/stm32f1xx_hal_msp.o
 .debug_line    0x0000000000003a86      0x733 ./Core/Src/stm32f1xx_it.o
 .debug_line    0x00000000000041b9      0x6d7 ./Core/Src/system_stm32f1xx.o
 .debug_line    0x0000000000004890       0x87 ./Core/Startup/startup_stm32f103c6ux.o
 .debug_line    0x0000000000004917      0x904 ./Drivers/STM32F1xx_HAL_Driver/Src/stm32f1xx_hal.o
 .debug_line    0x000000000000521b      0xaec ./Drivers/STM32F1xx_HAL_Driver/Src/stm32f1xx_hal_cortex.o
 .debug_line    0x0000000000005d07      0x985 ./Drivers/STM32F1xx_HAL_Driver/Src/stm32f1xx_hal_gpio.o
 .debug_line    0x000000000000668c      0xd12 ./Drivers/STM32F1xx_HAL_Driver/Src/stm32f1xx_hal_rcc.o
 .debug_line    0x000000000000739e     0x3262 ./Drivers/STM32F1xx_HAL_Driver/Src/stm32f1xx_hal_tim.o
 .debug_line    0x000000000000a600     0x17fa ./Drivers/STM32F1xx_HAL_Driver/Src/stm32f1xx_hal_tim_ex.o

.debug_str      0x0000000000000000    0x820b9
 .debug_str     0x0000000000000000    0x7f567 ./Core/Src/button.o
                                      0x7f8b4 (size before relaxing)
 .debug_str     0x000000000007f567       0x47 ./Core/Src/display_led.o
                                      0x7f691 (size before relaxing)
 .debug_str     0x000000000007f5ae       0x41 ./Core/Src/fsm_10s_over.o
                                      0x7f7f3 (size before relaxing)
 .debug_str     0x000000000007f5ef       0x44 ./Core/Src/fsm_blink_led.o
                                      0x7f80a (size before relaxing)
 .debug_str     0x000000000007f633       0x53 ./Core/Src/fsm_simple_buttons.o
                                      0x7f819 (size before relaxing)
 .debug_str     0x000000000007f686       0x30 ./Core/Src/global.o
                                      0x7f7e2 (size before relaxing)
 .debug_str     0x000000000007f6b6      0x6fb ./Core/Src/main.o
                                      0x7ffe2 (size before relaxing)
 .debug_str     0x000000000007fdb1       0xc6 ./Core/Src/software_timer.o
                                       0x2e63 (size before relaxing)
 .debug_str     0x000000000007fe77      0x2ba ./Core/Src/stm32f1xx_hal_msp.o
                                      0x7fe44 (size before relaxing)
 .debug_str     0x0000000000080131       0xcd ./Core/Src/stm32f1xx_it.o
                                      0x7fba6 (size before relaxing)
 .debug_str     0x00000000000801fe       0x52 ./Core/Src/system_stm32f1xx.o
                                      0x7f4e6 (size before relaxing)
 .debug_str     0x0000000000080250       0x36 ./Core/Startup/startup_stm32f103c6ux.o
                                         0x51 (size before relaxing)
 .debug_str     0x0000000000080286      0x304 ./Drivers/STM32F1xx_HAL_Driver/Src/stm32f1xx_hal.o
                                      0x7fb3d (size before relaxing)
 .debug_str     0x000000000008058a      0x300 ./Drivers/STM32F1xx_HAL_Driver/Src/stm32f1xx_hal_cortex.o
                                      0x7fb45 (size before relaxing)
 .debug_str     0x000000000008088a      0x324 ./Drivers/STM32F1xx_HAL_Driver/Src/stm32f1xx_hal_gpio.o
                                      0x7f8aa (size before relaxing)
 .debug_str     0x0000000000080bae      0x24f ./Drivers/STM32F1xx_HAL_Driver/Src/stm32f1xx_hal_rcc.o
                                      0x7f8e3 (size before relaxing)
 .debug_str     0x0000000000080dfd      0xdce ./Drivers/STM32F1xx_HAL_Driver/Src/stm32f1xx_hal_tim.o
                                      0x808b5 (size before relaxing)
 .debug_str     0x0000000000081bcb      0x4ee ./Drivers/STM32F1xx_HAL_Driver/Src/stm32f1xx_hal_tim_ex.o
                                      0x80066 (size before relaxing)

.comment        0x0000000000000000       0x53
 .comment       0x0000000000000000       0x53 ./Core/Src/button.o
                                         0x54 (size before relaxing)
 .comment       0x0000000000000053       0x54 ./Core/Src/display_led.o
 .comment       0x0000000000000053       0x54 ./Core/Src/fsm_10s_over.o
 .comment       0x0000000000000053       0x54 ./Core/Src/fsm_blink_led.o
 .comment       0x0000000000000053       0x54 ./Core/Src/fsm_simple_buttons.o
 .comment       0x0000000000000053       0x54 ./Core/Src/global.o
 .comment       0x0000000000000053       0x54 ./Core/Src/main.o
 .comment       0x0000000000000053       0x54 ./Core/Src/software_timer.o
 .comment       0x0000000000000053       0x54 ./Core/Src/stm32f1xx_hal_msp.o
 .comment       0x0000000000000053       0x54 ./Core/Src/stm32f1xx_it.o
 .comment       0x0000000000000053       0x54 ./Core/Src/system_stm32f1xx.o
 .comment       0x0000000000000053       0x54 ./Drivers/STM32F1xx_HAL_Driver/Src/stm32f1xx_hal.o
 .comment       0x0000000000000053       0x54 ./Drivers/STM32F1xx_HAL_Driver/Src/stm32f1xx_hal_cortex.o
 .comment       0x0000000000000053       0x54 ./Drivers/STM32F1xx_HAL_Driver/Src/stm32f1xx_hal_gpio.o
 .comment       0x0000000000000053       0x54 ./Drivers/STM32F1xx_HAL_Driver/Src/stm32f1xx_hal_rcc.o
 .comment       0x0000000000000053       0x54 ./Drivers/STM32F1xx_HAL_Driver/Src/stm32f1xx_hal_tim.o
 .comment       0x0000000000000053       0x54 ./Drivers/STM32F1xx_HAL_Driver/Src/stm32f1xx_hal_tim_ex.o

.debug_frame    0x0000000000000000     0x290c
 .debug_frame   0x0000000000000000       0xf8 ./Core/Src/button.o
 .debug_frame   0x00000000000000f8       0x54 ./Core/Src/display_led.o
 .debug_frame   0x000000000000014c       0x2c ./Core/Src/fsm_10s_over.o
 .debug_frame   0x0000000000000178       0x2c ./Core/Src/fsm_blink_led.o
 .debug_frame   0x00000000000001a4       0x2c ./Core/Src/fsm_simple_buttons.o
 .debug_frame   0x00000000000001d0       0x50 ./Core/Src/global.o
 .debug_frame   0x0000000000000220       0xd4 ./Core/Src/main.o
 .debug_frame   0x00000000000002f4      0x120 ./Core/Src/software_timer.o
 .debug_frame   0x0000000000000414       0x80 ./Core/Src/stm32f1xx_hal_msp.o
 .debug_frame   0x0000000000000494      0x120 ./Core/Src/stm32f1xx_it.o
 .debug_frame   0x00000000000005b4       0x58 ./Core/Src/system_stm32f1xx.o
 .debug_frame   0x000000000000060c      0x334 ./Drivers/STM32F1xx_HAL_Driver/Src/stm32f1xx_hal.o
 .debug_frame   0x0000000000000940      0x428 ./Drivers/STM32F1xx_HAL_Driver/Src/stm32f1xx_hal_cortex.o
 .debug_frame   0x0000000000000d68      0x14c ./Drivers/STM32F1xx_HAL_Driver/Src/stm32f1xx_hal_gpio.o
 .debug_frame   0x0000000000000eb4      0x21c ./Drivers/STM32F1xx_HAL_Driver/Src/stm32f1xx_hal_rcc.o
 .debug_frame   0x00000000000010d0     0x11b8 ./Drivers/STM32F1xx_HAL_Driver/Src/stm32f1xx_hal_tim.o
 .debug_frame   0x0000000000002288      0x638 ./Drivers/STM32F1xx_HAL_Driver/Src/stm32f1xx_hal_tim_ex.o
 .debug_frame   0x00000000000028c0       0x2c d:/stm32cubeide_1.7.0/stm32cubeide/plugins/com.st.stm32cube.ide.mcu.externaltools.gnu-tools-for-stm32.9-2020-q2-update.win32_2.0.0.202105311346/tools/bin/../lib/gcc/arm-none-eabi/9.3.1/../../../../arm-none-eabi/lib/thumb/v7-m/nofp\libc_nano.a(lib_a-init.o)
 .debug_frame   0x00000000000028ec       0x20 d:/stm32cubeide_1.7.0/stm32cubeide/plugins/com.st.stm32cube.ide.mcu.externaltools.gnu-tools-for-stm32.9-2020-q2-update.win32_2.0.0.202105311346/tools/bin/../lib/gcc/arm-none-eabi/9.3.1/../../../../arm-none-eabi/lib/thumb/v7-m/nofp\libc_nano.a(lib_a-memset.o)
